2026-07-29 07:23:18 | INFO     | src.data_filtr:51 | Логгер 'src.data_filtr' инициализирован (уровень: INFO)
2026-07-29 07:23:18 | INFO     | src.train_model:51 | Логгер 'src.train_model' инициализирован (уровень: INFO)
2026-07-29 07:23:22 | INFO     | src.kinovanga:51 | Логгер 'src.kinovanga' инициализирован (уровень: INFO)
2026-07-29 07:23:27 | INFO     | src.data_filtr:51 | Логгер 'src.data_filtr' инициализирован (уровень: INFO)
2026-07-29 07:23:39 | INFO     | __main__:51 | Логгер '__main__' инициализирован (уровень: INFO)
2026-07-29 07:30:54 | INFO     | src.data_filtr:51 | Логгер 'src.data_filtr' инициализирован (уровень: INFO)
2026-07-29 07:30:54 | INFO     | src.train_model:51 | Логгер 'src.train_model' инициализирован (уровень: INFO)
2026-07-29 07:30:54 | INFO     | __main__:51 | Логгер '__main__' инициализирован (уровень: INFO)
2026-07-29 07:30:54 | INFO     | __main__:12 | ============================================================
2026-07-29 07:30:54 | INFO     | __main__:13 | ЗАПУСК ОБУЧЕНИЯ МОДЕЛИ
2026-07-29 07:30:54 | INFO     | __main__:14 | ============================================================
2026-07-29 07:30:54 | INFO     | __main__:17 | Получение списка жанров...
2026-07-29 07:32:40 | INFO     | __main__:51 | Логгер '__main__' инициализирован (уровень: INFO)
2026-07-29 07:32:40 | INFO     | __main__:216 | ============================================================
2026-07-29 07:32:40 | INFO     | __main__:217 | ОБЛЕГЧЕННОЕ ОБУЧЕНИЕ МОДЕЛИ КИНОВАНГА
2026-07-29 07:32:40 | INFO     | __main__:218 | ============================================================
2026-07-29 07:32:40 | INFO     | __main__:96 | Генерация синтетических данных...
2026-07-29 07:32:40 | INFO     | __main__:99 | Данные: 5000 примеров, 17 признаков
2026-07-29 07:32:40 | INFO     | __main__:100 | Рейтинг: min=4.99, max=10.00, mean=8.62
2026-07-29 07:32:40 | INFO     | __main__:119 | 
Обучение модели...
2026-07-29 07:32:40 | INFO     | __main__:125 | R² на обучающей выборке: 0.6571
2026-07-29 07:32:40 | INFO     | __main__:131 | 
=== Топ-5 положительных влияний ===
2026-07-29 07:32:40 | INFO     | __main__:134 | startYear: 1.9234
2026-07-29 07:32:40 | INFO     | __main__:134 | runtimeMinutes: 0.9227
2026-07-29 07:32:40 | INFO     | __main__:134 | director_avg_rating: 0.3803
2026-07-29 07:32:40 | INFO     | __main__:134 | Drama: 0.2886
2026-07-29 07:32:40 | INFO     | __main__:134 | Sci-Fi: 0.1727
2026-07-29 07:32:40 | INFO     | __main__:136 | 
=== Топ-5 отрицательных влияний ===
2026-07-29 07:32:40 | INFO     | __main__:138 | Action: -0.0007
2026-07-29 07:32:40 | INFO     | __main__:138 | Romance: -0.0134
2026-07-29 07:32:40 | INFO     | __main__:138 | Documentary: -0.0146
2026-07-29 07:32:40 | INFO     | __main__:138 | Thriller: -0.0481
2026-07-29 07:32:40 | INFO     | __main__:138 | Horror: -0.1894
2026-07-29 07:32:40 | INFO     | __main__:158 | 
Модель сохранена в /workspace/models_light
2026-07-29 07:32:40 | INFO     | __main__:223 | 
============================================================
2026-07-29 07:32:40 | INFO     | __main__:224 | ТЕСТИРОВАНИЕ ПРЕДСКАЗАНИЙ
2026-07-29 07:32:40 | INFO     | __main__:225 | ============================================================
2026-07-29 07:40:37 | INFO     | src.data_filtr:51 | Логгер 'src.data_filtr' инициализирован (уровень: INFO)
2026-07-29 07:40:44 | INFO     | src.data_filtr:51 | Логгер 'src.data_filtr' инициализирован (уровень: INFO)
2026-07-29 07:40:44 | INFO     | src.train_model:51 | Логгер 'src.train_model' инициализирован (уровень: INFO)
